<html>
<body>
<pre>
<h1>µVision Build Log</h1>
<h2>Tool Versions:</h2>
IDE-Version: ¦ÌVision V5.31.0.0
Copyright (C) 2020 ARM Ltd and ARM Germany GmbH. All rights reserved.
License Information: XXX paperes81@outlook.com, xxx, LIC=RC9PC-787J0-4S4Y4-FV0WT-UHXE7-4V8RD
 
Tool Versions:
Toolchain:       MDK-ARM Plus  Version: 5.31.0.0
Toolchain Path:  C:\Keil_v5\ARM\ARMCC\Bin
C Compiler:      Armcc.exe V5.06 update 6 (build 750)
Assembler:       Armasm.exe V5.06 update 6 (build 750)
Linker/Locator:  ArmLink.exe V5.06 update 6 (build 750)
Library Manager: ArmAr.exe V5.06 update 6 (build 750)
Hex Converter:   FromElf.exe V5.06 update 6 (build 750)
CPU DLL:         SARMCM3.DLL V5.31.0.0
Dialog DLL:      DCM.DLL V1.17.3.0
Target DLL:      STLink\ST-LINKIII-KEIL_SWO.dll V3.0.7.0
Dialog DLL:      TCM.DLL V1.46.0.0
 
<h2>Project:</h2>
C:\Users\paper\Documents\1WORK\ucOS-III\MDK-ARM\ucOS-III.uvprojx
Project File Date:  12/23/2024

<h2>Output:</h2>
*** Using Compiler 'V5.06 update 6 (build 750)', folder: 'C:\Keil_v5\ARM\ARMCC\Bin'
Rebuild target 'ucOS-III'
assembling startup_stm32f103xb.s...
compiling stm32f1xx_hal_gpio.c...
compiling gpio.c...
compiling stm32f1xx_it.c...
compiling stm32f1xx_hal_dma.c...
compiling stm32f1xx_hal_rcc_ex.c...
compiling stm32f1xx_hal_cortex.c...
compiling stm32f1xx_hal_msp.c...
compiling stm32f1xx_hal_flash.c...
compiling stm32f1xx_hal_flash_ex.c...
compiling stm32f1xx_hal.c...
compiling stm32f1xx_hal_gpio_ex.c...
compiling stm32f1xx_hal_pwr.c...
compiling usart.c...
assembling cpu_a.asm...
compiling stm32f1xx_hal_rcc.c...
compiling main.c...
../Core/Src/OS/bsp.h(9): warning:  #1-D: last line of file ends without a newline
  #endif
../Core/Src/main.c: 1 warning, 0 errors
compiling cpu_core.c...
compiling lib_math.c...
compiling lib_ascii.c...
compiling stm32f1xx_hal_uart.c...
compiling cpu_c.c...
compiling lib_mem.c...
assembling lib_mem_a.asm...
assembling os_cpu_a.asm...
compiling lib_str.c...
compiling os_cfg_app.c...
compiling os_cpu_c.c...
compiling os_dbg.c...
compiling os_mem.c...
compiling os_int.c...
compiling os_prio.c...
compiling os_msg.c...
compiling os_core.c...
compiling os_flag.c...
compiling os_pend_multi.c...
compiling os_mutex.c...
compiling os_q.c...
compiling stm32f1xx_hal_exti.c...
compiling system_stm32f1xx.c...
compiling os_sem.c...
compiling os_var.c...
compiling os_app_hooks.c...
compiling os_time.c...
compiling os_tick.c...
compiling os_stat.c...
compiling os_tmr.c...
compiling os_task.c...
compiling bsp.c...
../Core/Src/OS/bsp.h(9): warning:  #1-D: last line of file ends without a newline
  #endif
..\Core\Src\OS\bsp.c(92): warning:  #1-D: last line of file ends without a newline
   
..\Core\Src\OS\bsp.c: 2 warnings, 0 errors
linking...
Program Size: Code=19080 RO-data=424 RW-data=288 ZI-data=14656  
FromELF: creating hex file...
"ucOS-III\ucOS-III.axf" - 0 Error(s), 3 Warning(s).

<h2>Software Packages used:</h2>

Package Vendor: ARM
                https://www.keil.com/pack/ARM.CMSIS.6.1.0.pack
                ARM.CMSIS.6.1.0
                CMSIS (Common Microcontroller Software Interface Standard)
   * Component: CORE Version: 6.1.0

Package Vendor: Keil
                https://www.keil.com/pack/Keil.STM32F1xx_DFP.2.4.1.pack
                Keil.STM32F1xx_DFP.2.4.1
                STMicroelectronics STM32F1 Series Device Support, Drivers and Examples

<h2>Collection of Component include folders:</h2>
  .\RTE\_ucOS-III
  C:\Users\paper\AppData\Local\Arm\Packs\ARM\CMSIS\6.1.0\CMSIS\Core\Include
  C:\Users\paper\AppData\Local\Arm\Packs\Keil\STM32F1xx_DFP\2.4.1\Device\Include

<h2>Collection of Component Files used:</h2>

   * Component: ARM::CMSIS:CORE:6.1.0
Build Time Elapsed:  00:00:05
</pre>
</body>
</html>
